============================= test session starts =============================
platform win32 -- Python 3.14.0, pytest-9.0.2, pluggy-1.6.0 -- C:\The Hunter\The-Uprising-Hunter\.venv\Scripts\python.exe
cachedir: .pytest_cache
rootdir: C:\The Hunter\The-Uprising-Hunter
configfile: pytest.ini
plugins: anyio-4.12.1
collecting ... collected 104 items

tests/test_admin_account_billing_notifications_reports_api.py::test_account_get_and_update PASSED [  0%]
tests/test_admin_account_billing_notifications_reports_api.py::test_billing_profile_and_invoice_creation PASSED [  1%]
tests/test_admin_account_billing_notifications_reports_api.py::test_notifications_preferences_and_mark_read_flow PASSED [  2%]
tests/test_admin_account_billing_notifications_reports_api.py::test_report_schedules_runs_and_pdf_export FAILED [  3%]
tests/test_admin_assistant_api.py::TestAssistantExecute::test_execute_returns_run_with_actions FAILED [  4%]
tests/test_admin_assistant_api.py::TestAssistantExecute::test_execute_without_prompt_returns_422 PASSED [  5%]
tests/test_admin_assistant_api.py::TestAssistantExecute::test_execute_requires_auth PASSED [  6%]
tests/test_admin_assistant_api.py::TestAssistantExecute::test_execute_falls_back_to_ollama_when_khoj_fails FAILED [  7%]
tests/test_admin_assistant_api.py::TestAssistantExecute::test_execute_research_action_uses_runtime_ollama_config FAILED [  8%]
tests/test_admin_assistant_api.py::TestAssistantListRuns::test_list_runs PASSED [  9%]
tests/test_admin_assistant_api.py::TestAssistantListRuns::test_list_runs_with_limit PASSED [ 10%]
tests/test_admin_assistant_api.py::TestAssistantGetRun::test_get_run_not_found PASSED [ 11%]
tests/test_admin_assistant_api.py::TestAssistantGetRun::test_get_existing_run FAILED [ 12%]
tests/test_admin_assistant_api.py::TestAssistantConfirm::test_confirm_unknown_action_graceful PASSED [ 13%]
tests/test_admin_assistant_api.py::TestAssistantConfirm::test_reject_actions PASSED [ 14%]
tests/test_admin_audit_log_api.py::test_audit_log_tracks_mutations PASSED [ 15%]
tests/test_admin_audit_log_api.py::test_audit_log_cursor_parameter PASSED [ 16%]
tests/test_admin_auth.py::test_admin_requires_auth PASSED                [ 17%]
tests/test_admin_auth.py::test_admin_accepts_valid_basic_auth PASSED     [ 18%]
tests/test_admin_auth_jwt.py::test_admin_login_sets_cookies_and_me_endpoint PASSED [ 19%]
tests/test_admin_auth_jwt.py::test_admin_refresh_rotates_refresh_cookie PASSED [ 20%]
tests/test_admin_auth_jwt.py::test_admin_logout_clears_auth_session PASSED [ 21%]
tests/test_admin_auth_jwt.py::test_admin_login_rejects_invalid_credentials PASSED [ 22%]
tests/test_admin_auth_jwt.py::test_admin_login_rejects_hardcoded_master_credentials PASSED [ 23%]
tests/test_admin_auth_jwt.py::test_admin_signup_sets_cookies_and_authenticates_me PASSED [ 24%]
tests/test_admin_auth_jwt.py::test_admin_signup_rejects_duplicate_email PASSED [ 25%]
tests/test_admin_auth_jwt.py::test_admin_login_accepts_db_user_credentials PASSED [ 25%]
tests/test_admin_auth_jwt.py::test_admin_login_rejects_wrong_db_password PASSED [ 26%]
tests/test_admin_auth_jwt.py::test_admin_login_rejects_disabled_db_user PASSED [ 27%]
tests/test_admin_campaigns_api.py::test_campaign_and_sequence_crud_and_enrollment PASSED [ 28%]
tests/test_admin_campaigns_api.py::test_assistant_nurture_creates_campaign_runs FAILED [ 29%]
tests/test_admin_communication_reports30d_api.py::test_lead_communication_plan_auto_create_and_history FAILED [ 30%]
tests/test_admin_communication_reports30d_api.py::test_reports_30d_payload_shape PASSED [ 31%]
tests/test_admin_content_enrichment_api.py::test_generate_content_email_and_call PASSED [ 32%]
tests/test_admin_content_enrichment_api.py::test_enrichment_run_and_fetch PASSED [ 33%]
tests/test_admin_content_enrichment_api.py::test_generate_content_with_ollama_provider FAILED [ 34%]
tests/test_admin_diagnostics_api.py::test_diagnostics_run_endpoint PASSED [ 35%]
tests/test_admin_diagnostics_api.py::test_autofix_run_endpoint PASSED    [ 36%]
tests/test_admin_diagnostics_api.py::test_diagnostics_latest_endpoint PASSED [ 37%]
tests/test_admin_diagnostics_api.py::test_autofix_latest_endpoint PASSED [ 38%]
tests/test_admin_error_contract.py::test_error_contract_for_validation_errors FAILED [ 39%]
tests/test_admin_error_contract.py::test_error_contract_for_not_found_route FAILED [ 40%]
tests/test_admin_error_contract.py::test_error_contract_for_auth_failures FAILED [ 41%]
tests/test_admin_export_api.py::test_export_csv_leads PASSED             [ 42%]
tests/test_admin_export_api.py::test_export_csv_projects_with_custom_fields PASSED [ 43%]
tests/test_admin_export_api.py::test_export_csv_systems FAILED           [ 44%]
tests/test_admin_funnel_system_api.py::test_funnel_config_and_stage_transition_and_conversion PASSED [ 45%]
tests/test_admin_funnel_system_api.py::test_reassign_workload_and_bulk_assign_tasks PASSED [ 46%]
tests/test_admin_funnel_system_api.py::test_recommendations_apply_and_dismiss PASSED [ 47%]
tests/test_admin_funnel_system_api.py::test_opportunity_transition_and_handoff PASSED [ 48%]
tests/test_admin_help_api.py::test_help_payload_shape PASSED             [ 49%]
tests/test_admin_help_api.py::test_help_support_email_follows_settings PASSED [ 50%]
tests/test_admin_import_api.py::test_csv_import_preview_leads PASSED     [ 50%]
tests/test_admin_import_api.py::test_csv_import_commit_leads PASSED      [ 51%]
tests/test_admin_integrations_api.py::test_integrations_put_and_get FAILED [ 52%]
tests/test_admin_integrations_api.py::test_integrations_include_research_providers_with_free_tier_metadata FAILED [ 53%]
tests/test_admin_integrations_api.py::test_integrations_can_persist_perplexity_firecrawl_and_ollama_config FAILED [ 54%]
tests/test_admin_integrations_api.py::test_web_research_receives_runtime_secret_values FAILED [ 55%]
tests/test_admin_integrations_api.py::test_webhooks_crud FAILED          [ 56%]
tests/test_admin_integrations_api.py::test_webhook_rejects_invalid_url FAILED [ 57%]
tests/test_admin_lead_detail_api.py::test_lead_detail_update_notes_opportunities_and_history PASSED [ 58%]
tests/test_admin_lead_detail_api.py::test_lead_add_to_campaign_quick_action_endpoint PASSED [ 59%]
tests/test_admin_leads_advanced_search_api.py::test_leads_support_advanced_score_and_profile_filters PASSED [ 60%]
tests/test_admin_leads_advanced_search_api.py::test_leads_support_advanced_date_and_boolean_filters PASSED [ 61%]
tests/test_admin_metrics_api.py::test_metrics_endpoint_reports_request_stats FAILED [ 62%]
tests/test_admin_metrics_api.py::test_metrics_overview_endpoint_returns_aggregated_sections FAILED [ 63%]
tests/test_admin_metrics_api.py::test_sync_health_and_data_integrity_endpoints_detect_orphans PASSED [ 64%]
tests/test_admin_opportunities_api.py::test_opportunities_crud_filters_and_summary PASSED [ 65%]
tests/test_admin_opportunities_api.py::test_opportunity_validation_errors PASSED [ 66%]
tests/test_admin_opportunities_api.py::test_opportunity_quick_lead_endpoint PASSED [ 67%]
tests/test_admin_project_details_api.py::test_project_detail_workspace_and_activity FAILED [ 68%]
tests/test_admin_projects_api.py::test_projects_crud_flow PASSED         [ 69%]
tests/test_admin_search_api.py::test_search_empty_query FAILED           [ 70%]
tests/test_admin_search_api.py::test_search_mixed_entities FAILED        [ 71%]
tests/test_admin_search_api.py::test_search_limit_is_applied FAILED      [ 72%]
tests/test_admin_secrets_api.py::test_secrets_schema_and_crud FAILED     [ 73%]
tests/test_admin_secrets_api.py::test_secrets_reject_unknown_key PASSED  [ 74%]
tests/test_admin_secrets_api.py::test_secrets_require_app_encryption_key PASSED [ 75%]
tests/test_admin_settings_api.py::test_settings_defaults_and_persistence PASSED [ 75%]
tests/test_admin_settings_api.py::test_settings_validation PASSED        [ 76%]
tests/test_admin_stats_api.py::test_stats_endpoint_returns_core_kpis FAILED [ 77%]
